// Jest Snapshot v1, https://goo.gl/fbAQLP

exports[`check-adds-removes-keys:locales/de.json 1`] = `
"{
	remove_de: remove,
	remove_de_too: remove also
}"
`;

exports[`check-adds-removes-keys:locales/en.json 1`] = `
"{
    add_me: add,
    keep_me: keep
}"
`;

exports[`check-adds-removes-keys:locales/pt-BR.json 1`] = `
"{
    keep_me: don't change,
    remove_me: remove
}"
`;

exports[`check-adds-removes-keys:stderr.txt 1`] = `
"
THROWN:
Error: [i18next-json-sync] check failed -- keys are out of sync. Run again without check mode to synchronize files 
 	...
"
`;

exports[`check-adds-removes-keys:stdout.txt 1`] = `
"Missing keys in actual/locales/de.json: add_me, keep_me
Orphaned keys found in actual/locales/de.json: remove_de, remove_de_too
Missing keys in actual/locales/pt-BR.json: add_me
Orphaned keys found in actual/locales/pt-BR.json: remove_me
"
`;
