// Jest Snapshot v1, https://goo.gl/fbAQLP

exports[`already-in-sync:locales/en.json 1`] = `
"{
    asdf: {
        keep_two: en
    },
    keep_one: en
}"
`;

exports[`already-in-sync:locales/pt-BR.json 1`] = `
"{
    asdf: {
        keep_two: pt-BR
    },
    keep_one: pt-BR
}"
`;

exports[`already-in-sync:locales/zh-CN.json 1`] = `
"{
    asdf: {
        keep_two: zh-CN
    },
    keep_one: zh-CN
}"
`;

exports[`already-in-sync:stderr.txt 1`] = `""`;

exports[`already-in-sync:stdout.txt 1`] = `""`;
